// Jest Snapshot v1, https://goo.gl/fbAQLP

exports[`Phase1 component コンポーネントのスナップショットが一致する 1`] = `
<div>
  <div
    class="bg-yumekawa bg-white/40 bg-cover bg-blend-color"
  >
    <div
      class="font-pop mx-auto w-full border-2 border-solid border-fuchsia-200 bg-gradient-to-t from-orange-200 via-lime-300 to-emerald-200 pb-52 pt-7 lg:w-3/5"
    >
      <h1>
        <img
          alt="ランクマッチのロゴ"
          class="animate-float mx-auto mb-5 w-1/2"
          src="rankmatch_logo.png"
        />
      </h1>
      <div
        class="mx-auto w-11/12 rounded-2xl border border-solid border-fuchsia-200 bg-white px-2 py-2"
      >
        <div
          class="rounded-2xl border-2 border-dashed border-fuchsia-200 px-12 py-5"
        >
          <h2
            class="pb-5 text-center text-6xl tracking-widest"
          >
            このサイトは？
          </h2>
          <p
            class="bg-teal-100 p-8 text-left text-2xl"
          >
            このサイトでは毎週所定の時間に「
            <span
              class="text-red-500"
            >
              ナゾトキランクマッチ
            </span>
            」が開催される！
            <br />
            皆で一斉に同じ謎解き問題に参加して、解くまでの時間を競うのだ！解くのが早ければ早いほどレーティングが上がっていくぞ！
            <br />
            <span
              class="text-red-500"
            >
              全国の謎解きマニアたちと勝負せよ！
            </span>
          </p>
          <div
            class="mb-5 mt-14 text-center text-3xl font-extrabold"
          >
            <div>
              次回のゲームは
              <span
                class="text-red-500"
              >
                8月1日21時
              </span>
              からスタート！
            </div>
            今回は
            <span
              class="underline-offset-3 text-red-500 underline"
            >
              2人1組
            </span>
            での参加となります！友人を誘って参加しよう！
          </div>
          <div
            class="text-center"
          >
            <button
              class="flex w-full transform items-center justify-between rounded-full bg-gradient-to-r from-pink-500 via-red-500 to-yellow-500 px-3 py-7 text-center text-7xl font-bold text-white shadow-lg transition duration-300 hover:scale-105 hover:shadow-2xl focus:outline-none"
            >
              <span
                class="flex-grow text-center"
              >
                ゲームに参加する
              </span>
              <i
                class="fas fa-angle-right mr-5"
              />
            </button>
          </div>
          <div
            class="mb-20 mt-16 bg-pink-100 p-12"
          >
            <h3
              class="mb-7 text-6xl"
            >
              前回の成績優秀者
            </h3>
            <ul
              class="leading-loose"
            >
              <li
                class="flex text-6xl"
              >
                <img
                  alt="一位"
                  class="w-48"
                  src="rank_1.png"
                />
                <span
                  class="mb-10 mt-auto"
                >
                  知的生命体YOSHIO 
                  <span
                    class="text-4xl"
                  >
                    さん
                  </span>
                </span>
              </li>
              <li
                class="mb-7 flex pl-8 text-5xl"
              >
                <img
                  alt="二位"
                  class="w-32"
                  src="rank_2.png"
                />
                <span
                  class="mb-7 ml-3 mt-auto"
                >
                  北亨夏高校クイ研 
                  <span
                    class="text-[2rem]"
                  >
                    さん
                  </span>
                </span>
              </li>
              <li
                class="flex pl-14 text-4xl"
              >
                <img
                  alt="三位"
                  class="w-20"
                  src="rank_3.png"
                />
                <span
                  class="mb-4 ml-7 mt-auto"
                >
                  ゆ（＠ω＠） 
                  <span
                    class="text-3xl"
                  >
                    さん
                  </span>
                </span>
              </li>
            </ul>
          </div>
          <div
            class="mb-20 bg-red-50 p-12"
          >
            <img
              alt="ピラミッド君"
              class="mx-auto mb-10"
              src="mascot.png"
            />
            <h3
              class="text-center text-5xl"
            >
              ピラミッド君
            </h3>
            <p
              class="mt-8 text-2xl"
            >
              このサイトのマスコットキャラクター。謎で頂点を目指すユーザーの皆を応援している。可愛い外見で毒のあることを言うという自己認識を持っているが、そもそも自分が可愛くないことに気づいていない。
              <br />
              オカルトが大の苦手であり、心霊スポットなどお化けが出そうなところからはすぐに逃げ出してしまう。
              <br />
              そのためピラミッドが王族の墓として作られたという通説を真っ赤なデマであるとして強く否定している。
            </p>
          </div>
          <div
            class="bg-orange-100 p-12"
          >
            <h3
              class="mb-10 text-center text-5xl"
            >
              注意事項
            </h3>
            <ul
              class="text-2xl"
            >
              <li
                class="list-inside list-disc"
              >
                シーズン中は謎の回答をSNSなどでネタバレしないようにしてください。
              </li>
              <br />
              <li
                class="list-inside list-disc"
              >
                このサイトは同時に多くのユーザーが閲覧しています。過度な更新を行うとサーバーに過剰な負荷がかかる恐れがあるため、ページが表示されない時にたくさん更新はしないでください。
              </li>
              <br />
              <li
                class="list-inside list-disc"
              >
                サイトが落ちてしまったときは、5分程度で正常に戻りますので更新せずにそのままお待ちください。
              </li>
              <br />
              <li
                class="list-inside list-disc"
              >
                ソースコードを閲覧して解く行為はお控えください。
              </li>
            </ul>
          </div>
        </div>
      </div>
    </div>
  </div>
</div>
`;
